\BOOKMARK [0][-]{chapter*.1}{\376\377\000A\000b\000s\000t\000r\000a\000c\000t}{}% 1
\BOOKMARK [0][-]{chapter*.2}{\376\377\000D\000e\000c\000l\000a\000r\000a\000t\000i\000o\000n}{}% 2
\BOOKMARK [0][-]{chapter*.3}{\376\377\000A\000c\000k\000n\000o\000w\000l\000e\000d\000g\000e\000m\000e\000n\000t\000s}{}% 3
\BOOKMARK [0][-]{chapter*.7}{\376\377\000L\000i\000s\000t\000\040\000o\000f\000\040\000A\000c\000r\000o\000n\000y\000m\000s\000\040\000a\000n\000d\000\040\000A\000b\000b\000r\000e\000v\000i\000a\000t\000i\000o\000n\000s}{}% 4
\BOOKMARK [0][-]{chapter.1}{\376\377\000I\000n\000t\000r\000o\000d\000u\000c\000t\000i\000o\000n}{}% 5
\BOOKMARK [0][-]{chapter.2}{\376\377\000L\000i\000t\000e\000r\000a\000t\000u\000r\000e\000\040\000R\000e\000v\000i\000e\000w}{}% 6
\BOOKMARK [1][-]{section.2.1}{\376\377\000I\000n\000f\000r\000a\000s\000t\000r\000u\000c\000t\000u\000r\000e\000\040\000Q\000u\000a\000l\000i\000t\000y\000,\000\040\000P\000e\000r\000c\000e\000i\000v\000e\000d\000\040\000S\000a\000f\000e\000t\000y\000,\000\040\000a\000n\000d\000\040\000C\000y\000c\000l\000i\000n\000g\000\040\000P\000a\000r\000t\000i\000c\000i\000p\000a\000t\000i\000o\000n}{chapter.2}% 7
\BOOKMARK [1][-]{section.2.2}{\376\377\000L\000T\000N\000\040\0001\000/\0002\0000\000:\000\040\000D\000e\000s\000i\000g\000n\000\040\000S\000t\000a\000n\000d\000a\000r\000d\000s\000\040\000f\000o\000r\000\040\000C\000y\000c\000l\000i\000n\000g\000\040\000I\000n\000f\000r\000a\000s\000t\000r\000u\000c\000t\000u\000r\000e\000\040\000i\000n\000\040\000E\000n\000g\000l\000a\000n\000d}{chapter.2}% 8
\BOOKMARK [1][-]{section.2.3}{\376\377\000L\000e\000v\000e\000l\000\040\000o\000f\000\040\000T\000r\000a\000f\000f\000i\000c\000\040\000S\000t\000r\000e\000s\000s\000:\000\040\000O\000r\000i\000g\000i\000n\000s\000,\000\040\000F\000r\000a\000m\000e\000w\000o\000r\000k\000,\000\040\000a\000n\000d\000\040\000A\000p\000p\000l\000i\000c\000a\000t\000i\000o\000n\000s\000\040}{chapter.2}% 9
\BOOKMARK [1][-]{section.2.4}{\376\377\000G\000r\000o\000w\000i\000n\000g\000\040\000F\000r\000a\000g\000m\000e\000n\000t\000e\000d\000\040\000C\000y\000c\000l\000i\000n\000g\000\040\000N\000e\000t\000w\000o\000r\000k\000s}{chapter.2}% 10
\BOOKMARK [1][-]{section.2.5}{\376\377\000R\000e\000s\000e\000a\000r\000c\000h\000\040\000G\000a\000p\000\040\000a\000n\000d\000\040\000Q\000u\000e\000s\000t\000i\000o\000n\000s}{chapter.2}% 11
\BOOKMARK [0][-]{chapter.3}{\376\377\000S\000t\000u\000d\000y\000\040\000A\000r\000e\000a\000\040\000a\000n\000d\000\040\000D\000a\000t\000a}{}% 12
\BOOKMARK [1][-]{section.3.1}{\376\377\000S\000t\000u\000d\000y\000\040\000A\000r\000e\000a\000:\000\040\000T\000h\000e\000\040\000W\000e\000s\000t\000\040\000M\000i\000d\000l\000a\000n\000d\000s}{chapter.3}% 13
\BOOKMARK [1][-]{section.3.2}{\376\377\000D\000a\000t\000a\000\040\000S\000o\000u\000r\000c\000e\000s\000:\000\040\000O\000v\000e\000r\000v\000i\000e\000w}{chapter.3}% 14
\BOOKMARK [0][-]{chapter.4}{\376\377\000M\000e\000t\000h\000o\000d\000o\000l\000o\000g\000y}{}% 15
\BOOKMARK [1][-]{section.4.1}{\376\377\000C\000y\000c\000l\000a\000b\000l\000e\000\040\000N\000e\000t\000w\000o\000r\000k\000\040\000E\000x\000t\000r\000a\000c\000t\000i\000o\000n\000\040\000a\000n\000d\000\040\000I\000n\000f\000r\000a\000s\000t\000r\000u\000c\000t\000u\000r\000e\000\040\000C\000l\000a\000s\000s\000i\000f\000i\000c\000a\000t\000i\000o\000n}{chapter.4}% 16
\BOOKMARK [1][-]{section.4.2}{\376\377\000L\000i\000n\000k\000-\000l\000e\000v\000e\000l\000\040\000L\000T\000S\000\040\000c\000l\000a\000s\000s\000i\000f\000i\000c\000a\000t\000i\000o\000n}{chapter.4}% 17
\BOOKMARK [1][-]{section.4.3}{\376\377\000J\000u\000n\000c\000t\000i\000o\000n\000\040\000L\000T\000S\000\040\000C\000l\000a\000s\000s\000i\000f\000i\000c\000a\000t\000i\000o\000n}{chapter.4}% 18
\BOOKMARK [1][-]{section.4.4}{\376\377\000S\000t\000r\000e\000s\000s\000-\000B\000a\000s\000e\000d\000\040\000N\000e\000t\000w\000o\000r\000k\000\040\000C\000o\000n\000n\000e\000c\000t\000i\000v\000i\000t\000y\000\040\000E\000v\000a\000l\000u\000a\000t\000i\000o\000n}{chapter.4}% 19
\BOOKMARK [1][-]{section.4.5}{\376\377\000N\000e\000t\000w\000o\000r\000k\000\040\000G\000r\000o\000w\000t\000h\000\040\000S\000i\000m\000u\000l\000a\000t\000i\000o\000n}{chapter.4}% 20
\BOOKMARK [0][-]{chapter.5}{\376\377\000R\000e\000s\000u\000l\000t\000s}{}% 21
\BOOKMARK [1][-]{section.5.1}{\376\377\000C\000y\000c\000l\000a\000b\000l\000e\000\040\000N\000e\000t\000w\000o\000r\000k\000\040\000a\000n\000d\000\040\000I\000n\000f\000r\000a\000s\000t\000r\000u\000c\000t\000u\000r\000e\000\040\000P\000r\000o\000f\000i\000l\000e}{chapter.5}% 22
\BOOKMARK [1][-]{section.5.2}{\376\377\000L\000T\000S\000\040\000C\000l\000a\000s\000s\000i\000f\000i\000c\000a\000t\000i\000o\000n}{chapter.5}% 23
\BOOKMARK [1][-]{section.5.3}{\376\377\000S\000t\000r\000e\000s\000s\000-\000B\000a\000s\000e\000d\000\040\000N\000e\000t\000w\000o\000r\000k\000\040\000D\000e\000n\000s\000i\000t\000y}{chapter.5}% 24
\BOOKMARK [1][-]{section.5.4}{\376\377\000S\000t\000r\000e\000s\000s\000-\000B\000a\000s\000e\000d\000\040\000N\000e\000t\000w\000o\000r\000k\000\040\000F\000r\000a\000g\000m\000e\000n\000t\000a\000t\000i\000o\000n}{chapter.5}% 25
\BOOKMARK [1][-]{section.5.5}{\376\377\000S\000t\000r\000e\000s\000s\000-\000B\000a\000s\000e\000d\000\040\000N\000e\000t\000w\000o\000r\000k\000\040\000R\000e\000a\000c\000h}{chapter.5}% 26
\BOOKMARK [1][-]{section.5.6}{\376\377\000N\000e\000t\000w\000o\000r\000k\000\040\000G\000r\000o\000w\000t\000h}{chapter.5}% 27
\BOOKMARK [0][-]{chapter.6}{\376\377\000D\000i\000s\000c\000u\000s\000s\000i\000o\000n}{}% 28
\BOOKMARK [1][-]{section.6.1}{\376\377\000E\000v\000a\000l\000u\000a\000t\000i\000n\000g\000\040\000"\000C\000y\000c\000l\000i\000n\000g\000\040\000f\000o\000r\000\040\000A\000l\000l\000"\000:\000\040\000N\000e\000t\000w\000o\000r\000k\000\040\000C\000o\000n\000n\000e\000c\000t\000i\000v\000i\000t\000y\000\040\000A\000g\000a\000i\000n\000s\000t\000\040\000L\000T\000N\000\040\0001\000/\0002\0000\000\040\000O\000b\000j\000e\000c\000t\000i\000v\000e\000s}{chapter.6}% 29
\BOOKMARK [1][-]{section.6.2}{\376\377\000J\000u\000n\000c\000t\000i\000o\000n\000\040\000S\000t\000r\000e\000s\000s\000\040\000a\000n\000d\000\040\000t\000h\000e\000\040\000S\000t\000r\000u\000c\000t\000u\000r\000a\000l\000\040\000S\000e\000v\000e\000r\000a\000n\000c\000e\000\040\000o\000f\000\040\000t\000h\000e\000\040\000L\000o\000w\000-\000S\000t\000r\000e\000s\000s\000\040\000N\000e\000t\000w\000o\000r\000k}{chapter.6}% 30
\BOOKMARK [1][-]{section.6.3}{\376\377\000N\000e\000t\000w\000o\000r\000k\000\040\000G\000r\000o\000w\000t\000h\000\040\000a\000n\000d\000\040\000I\000m\000p\000l\000i\000c\000a\000t\000i\000o\000n\000s\000\040\000f\000o\000r\000\040\000I\000n\000v\000e\000s\000t\000m\000e\000n\000t\000\040\000C\000o\000o\000r\000d\000i\000n\000a\000t\000i\000o\000n}{chapter.6}% 31
\BOOKMARK [1][-]{section.6.4}{\376\377\000A\000s\000s\000e\000s\000s\000i\000n\000g\000\040\000O\000S\000\040\000N\000G\000D\000\040\000C\000y\000c\000l\000e\000\040\000L\000a\000n\000e\000\040\000D\000a\000t\000a\000:\000\040\000A\000\040\000F\000i\000r\000s\000t\000\040\000I\000n\000d\000e\000p\000e\000n\000d\000e\000n\000t\000\040\000C\000o\000m\000p\000a\000r\000i\000s\000o\000n\000\040\000w\000i\000t\000h\000\040\000O\000p\000e\000n\000S\000t\000r\000e\000e\000t\000M\000a\000p}{chapter.6}% 32
\BOOKMARK [1][-]{section.6.5}{\376\377\000L\000i\000m\000i\000t\000a\000t\000i\000o\000n\000s\000\040\000a\000n\000d\000\040\000F\000u\000t\000u\000r\000e\000\040\000W\000o\000r\000k}{chapter.6}% 33
\BOOKMARK [0][-]{chapter.7}{\376\377\000C\000o\000n\000c\000l\000u\000s\000i\000o\000n}{}% 34
\BOOKMARK [0][-]{chapter*.22}{\376\377\000B\000i\000b\000l\000i\000o\000g\000r\000a\000p\000h\000y}{}% 35
\BOOKMARK [0][-]{appendix.A}{\376\377\000S\000u\000p\000p\000l\000e\000m\000e\000n\000t\000a\000r\000y\000\040\000M\000a\000t\000e\000r\000i\000a\000l}{}% 36
\BOOKMARK [0][-]{appendix.B}{\376\377\000R\000e\000s\000e\000a\000r\000c\000h\000\040\000L\000o\000g}{}% 37
